
> roomlocus-clone@0.0.0 build
> ng build

[33mΓ¥»[39m Building...
[32mΓ£ö[39m Building...
[1mInitial chunk files[22m  [2m | [22m[1mNames[22m        [2m | [22m [1mRaw size[22m[2m | [22m[1mEstimated transfer size[22m
[32mmain-VSIS56KP.js[39m     [2m | [22m[2mmain[22m         [2m | [22m[36m757.20 kB[39m[2m | [22m              [36m168.71 kB[39m
[32mpolyfills-5CFQRCPP.js[39m[2m | [22m[2mpolyfills[22m    [2m | [22m [36m34.59 kB[39m[2m | [22m               [36m11.33 kB[39m
[32mstyles-2LPOPFTG.css[39m  [2m | [22m[2mstyles[22m       [2m | [22m [36m12.17 kB[39m[2m | [22m                [36m2.29 kB[39m

[1m [22m                    [2m | [22m[1mInitial total[22m[2m | [22m[1m[93m803.96 kB[39m[22m[2m | [22m              [1m182.33 kB[22m

Application bundle generation complete. [21.829 seconds] - 2025-11-17T14:50:42.043Z

Γû▓ [WARNING] bundle initial exceeded maximum budget. Budget 500.00 kB was not met by 303.96 kB with a total of 803.96 kB.


Γû▓ [WARNING] src/app/components/home-page-content/home-page-content.css exceeded maximum budget. Budget 4.00 kB was not met by 654 bytes with a total of 4.65 kB.


Γû▓ [WARNING] src/app/components/property-details/property-details.css exceeded maximum budget. Budget 4.00 kB was not met by 1.23 kB with a total of 5.23 kB.


Output location: D:\roomlocus\roomlocusuiapp\dist\roomlocus-clone

